stm32f103c6.h:21:6:EnablePin	24	static
stm32f103c6.h:27:6:blinkLED	8	static
stm32f103c6.h:31:6:display7SEG	120	static
stm32f103c6.h:60:6:update7SEG	16	static
stm32f103c6.h:86:6:displayClock	8	static
stm32f103c6.h:90:6:setClock	24	static
stm32f103c6.h:95:6:updateClockBuffer	4	static
stm32f103c6.h:101:6:updateTime	8	static
main.c:67:5:main	32	static
main.c:119:6:SystemClock_Config	72	static
main.c:152:13:MX_TIM2_Init	32	static
main.c:194:13:MX_GPIO_Init	32	static
main.c:234:6:HAL_TIM_PeriodElapsedCallback	16	static
main.c:252:6:Error_Handler	4	static,ignoring_inline_asm
