stm32f103c6.h:22:6:EnablePin	24	static
stm32f103c6.h:28:6:blinkLED	8	static
stm32f103c6.h:32:6:display7SEG	120	static
stm32f103c6.h:61:6:update7SEG	16	static
stm32f103c6.h:87:6:displayClock	8	static
stm32f103c6.h:91:6:setClock	24	static
stm32f103c6.h:96:6:updateClockBuffer	4	static
stm32f103c6.h:102:6:updateTime	8	static
main.c:67:5:main	16	static
main.c:127:6:SystemClock_Config	72	static
main.c:160:13:MX_TIM2_Init	32	static
main.c:202:13:MX_GPIO_Init	32	static
main.c:242:6:HAL_TIM_PeriodElapsedCallback	16	static
main.c:251:6:Error_Handler	4	static,ignoring_inline_asm
